Your current streak is: 0
Keep going!
flashcards added to the daily box
Good morning! Today is day 2 of our journey.
Your current streak is: 0
Start reviewing to keep your streak!
Flashcard: 5 - 2 = ?
Your answer: 
Your answer was correct! Well done, keep it up!
Flashcard: 6 * 9 = ?
Your answer: 
Your answer was incorrect. Don't worry! The correct answer is: 54. Keep practicing!
You’ve completed today’s review! Keep the momentum going and continue building your knowledge, one flashcard at a time!
Good morning! Today is day 3 of our journey.
Your current streak is: 1
Start reviewing to keep your streak!
